|===                                              |  8% ~6 s remaining     |=====                                            | 12% ~9 s remaining     |=======                                          | 15% ~11 s remaining    |=========                                        | 19% ~12 s remaining    |===========                                      | 23% ~12 s remaining    |=============                                    | 27% ~12 s remaining    |===============                                  | 31% ~11 s remaining    |================                                 | 35% ~11 s remaining    |==================                               | 38% ~10 s remaining    |====================                             | 42% ~10 s remaining    |======================                           | 46% ~9 s remaining     |========================                         | 50% ~9 s remaining     |==========================                       | 54% ~8 s remaining     |============================                     | 58% ~7 s remaining     |==============================                   | 62% ~7 s remaining     |================================                 | 65% ~6 s remaining     |=================================                | 69% ~5 s remaining     |===================================              | 73% ~5 s remaining     |=====================================            | 77% ~4 s remaining     |=======================================          | 81% ~3 s remaining     |=========================================        | 85% ~3 s remaining     |===========================================      | 88% ~2 s remaining     |=============================================    | 92% ~1 s remaining     |===============================================  | 96% ~1 s remaining     |=================================================|100% ~0 s remaining     